// Vitest Snapshot v1, https://vitest.dev/guide/snapshot.html

exports[`Header Component > Snapshots > default header snapshot 1`] = `
<header
  class="_headerContainer_5ee9af"
>
  <div
    class="_innerContainer_5ee9af"
  >
    <div
      class="_headerRow_5ee9af"
    >
      <div
        class="_logoWrapper_5ee9af"
      >
        <a
          class="_logoLink_5ee9af"
          href="/"
        >
          <div
            class="_logoCircle_5ee9af"
          >
            CV
          </div>
          <h1
            class="_titleText_5ee9af"
          >
            Concept Visualizer
          </h1>
        </a>
      </div>
      <nav
        class="_navContainer_5ee9af"
      >
        <a
          class="_activeNavLink_5ee9af"
          href="/create"
        >
          <span
            class="_navIcon_5ee9af"
          >
            âœ¨
          </span>
          Create
        </a>
        <a
          class="_inactiveNavLink_5ee9af"
          href="/refine"
        >
          <span
            class="_navIcon_5ee9af"
          >
            ðŸ”„
          </span>
          Refine
        </a>
      </nav>
    </div>
  </div>
</header>
`;

exports[`Header Component > Snapshots > header with create route active snapshot 1`] = `
<header
  class="_headerContainer_5ee9af"
>
  <div
    class="_innerContainer_5ee9af"
  >
    <div
      class="_headerRow_5ee9af"
    >
      <div
        class="_logoWrapper_5ee9af"
      >
        <a
          class="_logoLink_5ee9af"
          href="/"
        >
          <div
            class="_logoCircle_5ee9af"
          >
            CV
          </div>
          <h1
            class="_titleText_5ee9af"
          >
            Concept Visualizer
          </h1>
        </a>
      </div>
      <nav
        class="_navContainer_5ee9af"
      >
        <a
          class="_activeNavLink_5ee9af"
          href="/create"
        >
          <span
            class="_navIcon_5ee9af"
          >
            âœ¨
          </span>
          Create
        </a>
        <a
          class="_inactiveNavLink_5ee9af"
          href="/refine"
        >
          <span
            class="_navIcon_5ee9af"
          >
            ðŸ”„
          </span>
          Refine
        </a>
      </nav>
    </div>
  </div>
</header>
`;

exports[`Header Component > Snapshots > header with refine route active snapshot 1`] = `
<header
  class="_headerContainer_5ee9af"
>
  <div
    class="_innerContainer_5ee9af"
  >
    <div
      class="_headerRow_5ee9af"
    >
      <div
        class="_logoWrapper_5ee9af"
      >
        <a
          class="_logoLink_5ee9af"
          href="/"
        >
          <div
            class="_logoCircle_5ee9af"
          >
            CV
          </div>
          <h1
            class="_titleText_5ee9af"
          >
            Concept Visualizer
          </h1>
        </a>
      </div>
      <nav
        class="_navContainer_5ee9af"
      >
        <a
          class="_inactiveNavLink_5ee9af"
          href="/create"
        >
          <span
            class="_navIcon_5ee9af"
          >
            âœ¨
          </span>
          Create
        </a>
        <a
          class="_activeNavLink_5ee9af"
          href="/refine"
        >
          <span
            class="_navIcon_5ee9af"
          >
            ðŸ”„
          </span>
          Refine
        </a>
      </nav>
    </div>
  </div>
</header>
`;
